Component: ARM Compiler 6.14.1 Tool: armlink [5db06d00]

==============================================================================

Section Cross References

    convrt.o(main) refers to outstr.o(.text) for OutStr
    main.o(main) refers to init_timer1.o(main) for INIT_TIMER1
    main.o(main) refers to init_timer2.o(main) for INIT_TIMER2
    main.o(main) refers to gpioinit_f.o(main) for GPIOINIT_F
    main.o(main) refers to gpioinit_b.o(main) for GPIOINIT_B
    main.o(main) refers to gpioinit_a.o(main) for GPIOINIT_A
    main.o(main) refers to init_ssi0.o(main) for INIT_SSI0
    main.o(main) refers to init_screen.o(main) for INIT_SCREEN
    main.o(main) refers to init_adc.o(main) for INIT_ADC
    main.o(main) refers to init_display.o(main) for INIT_DISPLAY
    main.o(main) refers to update_thre.o(main) for UPDATE_THRE
    main.o(main) refers to update_bar.o(main) for UPDATE_BAR
    main.o(main) refers to wave_prop.o(main) for WAVE_PROP
    main.o(main) refers to update_meas.o(main) for UPDATE_MEAS
    main.o(main) refers to update_op.o(main) for UPDATE_OP
    main.o(main) refers to read_analog.o(main) for READ_ANALOG
    main.o(main) refers to convrt_digital.o(main) for CONVRT_DIGITAL
    startup.o(STACK) refers (Special) to heapauxi.o(.text) for __use_two_region_memory
    startup.o(HEAP) refers (Special) to heapauxi.o(.text) for __use_two_region_memory
    startup.o(RESET) refers (Special) to heapauxi.o(.text) for __use_two_region_memory
    startup.o(RESET) refers to startup.o(STACK) for StackMem
    startup.o(RESET) refers to main.o(main) for __main
    startup.o(RESET) refers to gpio_isr.o(main) for GPIO_ISR
    startup.o(RESET) refers to gpiostep.o(main) for GPIOSTEP
    startup.o(.text) refers (Special) to heapauxi.o(.text) for __use_two_region_memory
    startup.o(.text) refers to startup.o(HEAP) for HeapMem
    startup.o(.text) refers to startup.o(STACK) for StackMem
    init_screen.o(main) refers to delay100.o(main) for DELAY100
    init_screen.o(main) refers to write_command.o(main) for WRITE_COMMAND
    wave_prop.o(main) refers to delay100.o(main) for DELAY100
    wave_prop.o(main) refers to outstr.o(.text) for OutStr
    wave_prop.o(main) refers to convrt.o(main) for CONVRT
    convrt_digital.o(main) refers to outstr.o(.text) for OutStr
    convrt_digital.o(main) refers to convrt.o(main) for CONVRT
    gpio_isr.o(main) refers to delay1.o(main) for DELAY1
    gpio_isr.o(main) refers to update_op.o(main) for UPDATE_OP
    gpio_isr.o(main) refers to update_bar.o(main) for UPDATE_BAR
    gpio_isr.o(main) refers to update_meas.o(main) for UPDATE_MEAS
    init_display.o(main) refers to write_display.o(main) for WRITE_DISPLAY
    init_display.o(main) refers to write_command.o(main) for WRITE_COMMAND
    update_meas.o(main) refers to write_command.o(main) for WRITE_COMMAND
    update_meas.o(main) refers to write_display.o(main) for WRITE_DISPLAY
    update_thre.o(main) refers to write_command.o(main) for WRITE_COMMAND
    update_thre.o(main) refers to write_display.o(main) for WRITE_DISPLAY
    update_op.o(main) refers to write_command.o(main) for WRITE_COMMAND
    update_op.o(main) refers to write_display.o(main) for WRITE_DISPLAY
    update_bar.o(main) refers to write_command.o(main) for WRITE_COMMAND
    update_bar.o(main) refers to write_display.o(main) for WRITE_DISPLAY


==============================================================================

Removing Unused input sections from the image.

    Removing inchar.o(.text), (188 bytes).
    Removing outchar.o(.text), (220 bytes).
    Removing startup.o(HEAP), (0 bytes).
    Removing startup.o(.text), (48 bytes).

4 unused section(s) (total 456 bytes) removed from the image.

==============================================================================

Image Symbol Table

    Local Symbols

    Symbol Name                              Value     Ov Type        Size  Object(Section)

    ../clib/heapaux.c                        0x00000000   Number         0  heapauxi.o ABSOLUTE
    CONVRT.s                                 0x00000000   Number         0  convrt.o ABSOLUTE
    CONVRT_DIGITAL.s                         0x00000000   Number         0  convrt_digital.o ABSOLUTE
    DELAY1.s                                 0x00000000   Number         0  delay1.o ABSOLUTE
    DELAY100.s                               0x00000000   Number         0  delay100.o ABSOLUTE
    GPIOINIT_A.s                             0x00000000   Number         0  gpioinit_a.o ABSOLUTE
    GPIOINIT_B.s                             0x00000000   Number         0  gpioinit_b.o ABSOLUTE
    GPIOINIT_F.s                             0x00000000   Number         0  gpioinit_f.o ABSOLUTE
    GPIOSTEP.s                               0x00000000   Number         0  gpiostep.o ABSOLUTE
    GPIO_ISR.s                               0x00000000   Number         0  gpio_isr.o ABSOLUTE
    INIT_ADC.s                               0x00000000   Number         0  init_adc.o ABSOLUTE
    INIT_DISPLAY.s                           0x00000000   Number         0  init_display.o ABSOLUTE
    INIT_SCREEN.s                            0x00000000   Number         0  init_screen.o ABSOLUTE
    INIT_SSI0.s                              0x00000000   Number         0  init_ssi0.o ABSOLUTE
    INIT_TIMER1.s                            0x00000000   Number         0  init_timer1.o ABSOLUTE
    INIT_TIMER2.s                            0x00000000   Number         0  init_timer2.o ABSOLUTE
    InChar.s                                 0x00000000   Number         0  inchar.o ABSOLUTE
    OutChar.s                                0x00000000   Number         0  outchar.o ABSOLUTE
    OutStr.s                                 0x00000000   Number         0  outstr.o ABSOLUTE
    READ_ANALOG.s                            0x00000000   Number         0  read_analog.o ABSOLUTE
    Startup.s                                0x00000000   Number         0  startup.o ABSOLUTE
    UPDATE_BAR.s                             0x00000000   Number         0  update_bar.o ABSOLUTE
    UPDATE_MEAS.s                            0x00000000   Number         0  update_meas.o ABSOLUTE
    UPDATE_OP.s                              0x00000000   Number         0  update_op.o ABSOLUTE
    UPDATE_THRE.s                            0x00000000   Number         0  update_thre.o ABSOLUTE
    WAVE_PROP.s                              0x00000000   Number         0  wave_prop.o ABSOLUTE
    WRITE_COMMAND.s                          0x00000000   Number         0  write_command.o ABSOLUTE
    WRITE_DISPLAY.s                          0x00000000   Number         0  write_display.o ABSOLUTE
    dc.s                                     0x00000000   Number         0  dc.o ABSOLUTE
    main.s                                   0x00000000   Number         0  main.o ABSOLUTE
    RESET                                    0x00000000   Section      652  startup.o(RESET)
    $v0                                      0x0000026c   Number         0  startup.o(RESET)
    $v0                                      0x0000028c   Number         0  outstr.o(.text)
    .text                                    0x0000028c   Section      236  outstr.o(.text)
    .text                                    0x00000378   Section        0  heapauxi.o(.text)
    NEW                                      0x00000380   Data           2  convrt.o(main)
    main                                     0x00000380   Section      100  convrt.o(main)
    $v0                                      0x00000382   Number         0  convrt.o(main)
    $v0                                      0x000003e4   Number         0  delay100.o(main)
    main                                     0x000003e4   Section       12  delay100.o(main)
    $v0                                      0x000003f0   Number         0  main.o(main)
    main                                     0x000003f0   Section      144  main.o(main)
    $v0                                      0x00000480   Number         0  gpioinit_a.o(main)
    main                                     0x00000480   Section      100  gpioinit_a.o(main)
    $v0                                      0x000004e4   Number         0  init_ssi0.o(main)
    main                                     0x000004e4   Section       76  init_ssi0.o(main)
    $v0                                      0x00000530   Number         0  gpioinit_b.o(main)
    main                                     0x00000530   Section      108  gpioinit_b.o(main)
    $v0                                      0x0000059c   Number         0  init_screen.o(main)
    main                                     0x0000059c   Section      100  init_screen.o(main)
    $v0                                      0x00000600   Number         0  write_command.o(main)
    main                                     0x00000600   Section       68  write_command.o(main)
    $v0                                      0x00000644   Number         0  write_display.o(main)
    main                                     0x00000644   Section       84  write_display.o(main)
    $v0                                      0x00000698   Number         0  gpioinit_f.o(main)
    main                                     0x00000698   Section      192  gpioinit_f.o(main)
    MSG1                                     0x00000758   Data          14  wave_prop.o(main)
    main                                     0x00000758   Section      264  wave_prop.o(main)
    $v0                                      0x00000778   Number         0  wave_prop.o(main)
    $v0                                      0x00000860   Number         0  init_timer1.o(main)
    main                                     0x00000860   Section      116  init_timer1.o(main)
    $v0                                      0x000008d4   Number         0  read_analog.o(main)
    main                                     0x000008d4   Section       48  read_analog.o(main)
    $v0                                      0x00000904   Number         0  init_adc.o(main)
    main                                     0x00000904   Section      184  init_adc.o(main)
    MSG                                      0x000009bc   Data          24  convrt_digital.o(main)
    main                                     0x000009bc   Section      116  convrt_digital.o(main)
    $v0                                      0x000009d4   Number         0  convrt_digital.o(main)
    $v0                                      0x00000a30   Number         0  gpiostep.o(main)
    main                                     0x00000a30   Section      132  gpiostep.o(main)
    $v0                                      0x00000ab4   Number         0  gpio_isr.o(main)
    main                                     0x00000ab4   Section      144  gpio_isr.o(main)
    $v0                                      0x00000b44   Number         0  init_timer2.o(main)
    main                                     0x00000b44   Section      136  init_timer2.o(main)
    chars1                                   0x00000bcc   Data           6  init_display.o(main)
    main                                     0x00000bcc   Section     1096  init_display.o(main)
    chars3                                   0x00000bd8   Data           6  init_display.o(main)
    chars4                                   0x00000bde   Data           6  init_display.o(main)
    chars5                                   0x00000be4   Data           6  init_display.o(main)
    chars16                                  0x00000c26   Data           6  init_display.o(main)
    chars18                                  0x00000c32   Data           6  init_display.o(main)
    chars19                                  0x00000c38   Data           6  init_display.o(main)
    chars21                                  0x00000c44   Data           6  init_display.o(main)
    chars31                                  0x00000c80   Data           6  init_display.o(main)
    chars32                                  0x00000c86   Data           6  init_display.o(main)
    chars33                                  0x00000c8c   Data           6  init_display.o(main)
    chars36                                  0x00000c9e   Data           6  init_display.o(main)
    chars38                                  0x00000caa   Data           6  init_display.o(main)
    chars45                                  0x00000cd4   Data           6  init_display.o(main)
    chars49                                  0x00000cec   Data           6  init_display.o(main)
    chars52                                  0x00000cfe   Data           6  init_display.o(main)
    chars56                                  0x00000d16   Data           6  init_display.o(main)
    chars57                                  0x00000d1c   Data           6  init_display.o(main)
    chars59                                  0x00000d28   Data           6  init_display.o(main)
    chars60                                  0x00000d2e   Data           6  init_display.o(main)
    chars62                                  0x00000d3a   Data           6  init_display.o(main)
    chars63                                  0x00000d40   Data           6  init_display.o(main)
    $v0                                      0x00000d70   Number         0  init_display.o(main)
    main                                     0x00001014   Section      816  update_meas.o(main)
    chars3                                   0x00001020   Data           6  update_meas.o(main)
    chars6                                   0x00001032   Data           6  update_meas.o(main)
    chars7                                   0x00001038   Data           6  update_meas.o(main)
    chars8                                   0x0000103e   Data           6  update_meas.o(main)
    chars9                                   0x00001044   Data           6  update_meas.o(main)
    chars10                                  0x0000104a   Data           6  update_meas.o(main)
    chars11                                  0x00001050   Data           6  update_meas.o(main)
    chars12                                  0x00001056   Data           6  update_meas.o(main)
    chars13                                  0x0000105c   Data           6  update_meas.o(main)
    chars14                                  0x00001062   Data           6  update_meas.o(main)
    chars15                                  0x00001068   Data           6  update_meas.o(main)
    $v0                                      0x000011b8   Number         0  update_meas.o(main)
    main                                     0x00001344   Section      768  update_thre.o(main)
    chars6                                   0x00001362   Data           6  update_thre.o(main)
    chars7                                   0x00001368   Data           6  update_thre.o(main)
    chars8                                   0x0000136e   Data           6  update_thre.o(main)
    chars9                                   0x00001374   Data           6  update_thre.o(main)
    chars10                                  0x0000137a   Data           6  update_thre.o(main)
    chars11                                  0x00001380   Data           6  update_thre.o(main)
    chars12                                  0x00001386   Data           6  update_thre.o(main)
    chars13                                  0x0000138c   Data           6  update_thre.o(main)
    chars14                                  0x00001392   Data           6  update_thre.o(main)
    chars15                                  0x00001398   Data           6  update_thre.o(main)
    $v0                                      0x000014e8   Number         0  update_thre.o(main)
    chars1                                   0x00001644   Data           6  update_op.o(main)
    main                                     0x00001644   Section      736  update_op.o(main)
    chars5                                   0x0000165c   Data           6  update_op.o(main)
    chars19                                  0x000016b0   Data           6  update_op.o(main)
    chars20                                  0x000016b6   Data           6  update_op.o(main)
    chars23                                  0x000016c8   Data           6  update_op.o(main)
    chars29                                  0x000016ec   Data           6  update_op.o(main)
    chars32                                  0x000016fe   Data           6  update_op.o(main)
    chars33                                  0x00001704   Data           6  update_op.o(main)
    chars36                                  0x00001716   Data           6  update_op.o(main)
    chars38                                  0x00001722   Data           6  update_op.o(main)
    chars45                                  0x0000174c   Data           6  update_op.o(main)
    chars48                                  0x0000175e   Data           6  update_op.o(main)
    chars49                                  0x00001764   Data           6  update_op.o(main)
    chars52                                  0x00001776   Data           6  update_op.o(main)
    chars54                                  0x00001782   Data           6  update_op.o(main)
    chars56                                  0x0000178e   Data           6  update_op.o(main)
    chars57                                  0x00001794   Data           6  update_op.o(main)
    chars59                                  0x000017a0   Data           6  update_op.o(main)
    chars60                                  0x000017a6   Data           6  update_op.o(main)
    chars62                                  0x000017b2   Data           6  update_op.o(main)
    $v0                                      0x000017e8   Number         0  update_op.o(main)
    chars1                                   0x00001924   Data           6  update_bar.o(main)
    main                                     0x00001924   Section      820  update_bar.o(main)
    chars3                                   0x00001930   Data           6  update_bar.o(main)
    chars4                                   0x00001936   Data           6  update_bar.o(main)
    chars19                                  0x00001990   Data           6  update_bar.o(main)
    chars21                                  0x0000199c   Data           6  update_bar.o(main)
    chars27                                  0x000019c0   Data           6  update_bar.o(main)
    chars36                                  0x000019f6   Data           6  update_bar.o(main)
    chars42                                  0x00001a1a   Data           6  update_bar.o(main)
    $v0                                      0x00001ac8   Number         0  update_bar.o(main)
    $v0                                      0x00001c58   Number         0  delay1.o(main)
    main                                     0x00001c58   Section       12  delay1.o(main)
    StackMem                                 0x20000000   Data           0  startup.o(STACK)
    STACK                                    0x20000000   Section     1024  startup.o(STACK)

    Global Symbols

    Symbol Name                              Value     Ov Type        Size  Object(Section)

    BuildAttributes$$THM_ISAv4$E$P$D$K$B$S$7EM$VFPi3$EXTD16$VFPS$VFMA$PE$A:L22UL41UL21$X:L11$S22US41US21$IEEE1$IW$~IW$USESV6$~STKCKD$USESV7$~SHL$OSPACE$ROPI$EBA8$STANDARDLIB$REQ8$EABIv2 0x00000000   Number         0  anon$$obj.o ABSOLUTE
    __Vectors                                0x00000000   Data           0  startup.o(RESET)
    Reset_Handler                            0x0000026d   Thumb Code     0  startup.o(RESET)
    NMI_Handler                              0x00000271   Thumb Code     2  startup.o(RESET)
    HardFault_Handler                        0x00000273   Thumb Code     2  startup.o(RESET)
    MemManage_Handler                        0x00000275   Thumb Code     2  startup.o(RESET)
    BusFault_Handler                         0x00000277   Thumb Code     2  startup.o(RESET)
    UsageFault_Handler                       0x00000279   Thumb Code     2  startup.o(RESET)
    SVC_Handler                              0x0000027b   Thumb Code     2  startup.o(RESET)
    DebugMon_Handler                         0x0000027d   Thumb Code     2  startup.o(RESET)
    PendSV_Handler                           0x0000027f   Thumb Code     2  startup.o(RESET)
    SysTick_Handler                          0x00000281   Thumb Code     2  startup.o(RESET)
    GPIOPortF_Handler                        0x00000283   Thumb Code     4  startup.o(RESET)
    Timer2A_Handler                          0x00000287   Thumb Code     4  startup.o(RESET)
    ADC0Seq0_Handler                         0x0000028b   Thumb Code     0  startup.o(RESET)
    ADC0Seq1_Handler                         0x0000028b   Thumb Code     0  startup.o(RESET)
    ADC0Seq2_Handler                         0x0000028b   Thumb Code     0  startup.o(RESET)
    ADC0Seq3_Handler                         0x0000028b   Thumb Code     0  startup.o(RESET)
    ADC1Seq0_Handler                         0x0000028b   Thumb Code     0  startup.o(RESET)
    ADC1Seq1_Handler                         0x0000028b   Thumb Code     0  startup.o(RESET)
    ADC1Seq2_Handler                         0x0000028b   Thumb Code     0  startup.o(RESET)
    ADC1Seq3_Handler                         0x0000028b   Thumb Code     0  startup.o(RESET)
    CAN0_Handler                             0x0000028b   Thumb Code     0  startup.o(RESET)
    CAN1_Handler                             0x0000028b   Thumb Code     0  startup.o(RESET)
    CAN2_Handler                             0x0000028b   Thumb Code     0  startup.o(RESET)
    Comp0_Handler                            0x0000028b   Thumb Code     0  startup.o(RESET)
    Comp1_Handler                            0x0000028b   Thumb Code     0  startup.o(RESET)
    Comp2_Handler                            0x0000028b   Thumb Code     0  startup.o(RESET)
    Ethernet_Handler                         0x0000028b   Thumb Code     0  startup.o(RESET)
    ExtBus_Handler                           0x0000028b   Thumb Code     0  startup.o(RESET)
    FPU_Handler                              0x0000028b   Thumb Code     0  startup.o(RESET)
    Fan0_Handler                             0x0000028b   Thumb Code     0  startup.o(RESET)
    FlashCtl_Handler                         0x0000028b   Thumb Code     0  startup.o(RESET)
    GPIOPortA_Handler                        0x0000028b   Thumb Code     0  startup.o(RESET)
    GPIOPortB_Handler                        0x0000028b   Thumb Code     0  startup.o(RESET)
    GPIOPortC_Handler                        0x0000028b   Thumb Code     0  startup.o(RESET)
    GPIOPortD_Handler                        0x0000028b   Thumb Code     0  startup.o(RESET)
    GPIOPortE_Handler                        0x0000028b   Thumb Code     0  startup.o(RESET)
    GPIOPortG_Handler                        0x0000028b   Thumb Code     0  startup.o(RESET)
    GPIOPortH_Handler                        0x0000028b   Thumb Code     0  startup.o(RESET)
    GPIOPortJ_Handler                        0x0000028b   Thumb Code     0  startup.o(RESET)
    GPIOPortK_Handler                        0x0000028b   Thumb Code     0  startup.o(RESET)
    GPIOPortL_Handler                        0x0000028b   Thumb Code     0  startup.o(RESET)
    GPIOPortM_Handler                        0x0000028b   Thumb Code     0  startup.o(RESET)
    GPIOPortN_Handler                        0x0000028b   Thumb Code     0  startup.o(RESET)
    GPIOPortP1_Handler                       0x0000028b   Thumb Code     0  startup.o(RESET)
    GPIOPortP2_Handler                       0x0000028b   Thumb Code     0  startup.o(RESET)
    GPIOPortP3_Handler                       0x0000028b   Thumb Code     0  startup.o(RESET)
    GPIOPortP4_Handler                       0x0000028b   Thumb Code     0  startup.o(RESET)
    GPIOPortP5_Handler                       0x0000028b   Thumb Code     0  startup.o(RESET)
    GPIOPortP6_Handler                       0x0000028b   Thumb Code     0  startup.o(RESET)
    GPIOPortP7_Handler                       0x0000028b   Thumb Code     0  startup.o(RESET)
    GPIOPortP_Handler                        0x0000028b   Thumb Code     0  startup.o(RESET)
    GPIOPortQ1_Handler                       0x0000028b   Thumb Code     0  startup.o(RESET)
    GPIOPortQ2_Handler                       0x0000028b   Thumb Code     0  startup.o(RESET)
    GPIOPortQ3_Handler                       0x0000028b   Thumb Code     0  startup.o(RESET)
    GPIOPortQ4_Handler                       0x0000028b   Thumb Code     0  startup.o(RESET)
    GPIOPortQ5_Handler                       0x0000028b   Thumb Code     0  startup.o(RESET)
    GPIOPortQ6_Handler                       0x0000028b   Thumb Code     0  startup.o(RESET)
    GPIOPortQ7_Handler                       0x0000028b   Thumb Code     0  startup.o(RESET)
    GPIOPortQ_Handler                        0x0000028b   Thumb Code     0  startup.o(RESET)
    GPIOPortR_Handler                        0x0000028b   Thumb Code     0  startup.o(RESET)
    GPIOPortS_Handler                        0x0000028b   Thumb Code     0  startup.o(RESET)
    Hibernate_Handler                        0x0000028b   Thumb Code     0  startup.o(RESET)
    I2C0_Handler                             0x0000028b   Thumb Code     0  startup.o(RESET)
    I2C1_Handler                             0x0000028b   Thumb Code     0  startup.o(RESET)
    I2C2_Handler                             0x0000028b   Thumb Code     0  startup.o(RESET)
    I2C3_Handler                             0x0000028b   Thumb Code     0  startup.o(RESET)
    I2C4_Handler                             0x0000028b   Thumb Code     0  startup.o(RESET)
    I2C5_Handler                             0x0000028b   Thumb Code     0  startup.o(RESET)
    I2S0_Handler                             0x0000028b   Thumb Code     0  startup.o(RESET)
    LPC0_Handler                             0x0000028b   Thumb Code     0  startup.o(RESET)
    PECI0_Handler                            0x0000028b   Thumb Code     0  startup.o(RESET)
    PWM0Fault_Handler                        0x0000028b   Thumb Code     0  startup.o(RESET)
    PWM0Generator0_Handler                   0x0000028b   Thumb Code     0  startup.o(RESET)
    PWM0Generator1_Handler                   0x0000028b   Thumb Code     0  startup.o(RESET)
    PWM0Generator2_Handler                   0x0000028b   Thumb Code     0  startup.o(RESET)
    PWM0Generator3_Handler                   0x0000028b   Thumb Code     0  startup.o(RESET)
    PWM1Fault_Handler                        0x0000028b   Thumb Code     0  startup.o(RESET)
    PWM1Generator0_Handler                   0x0000028b   Thumb Code     0  startup.o(RESET)
    PWM1Generator1_Handler                   0x0000028b   Thumb Code     0  startup.o(RESET)
    PWM1Generator2_Handler                   0x0000028b   Thumb Code     0  startup.o(RESET)
    PWM1Generator3_Handler                   0x0000028b   Thumb Code     0  startup.o(RESET)
    Quadrature0_Handler                      0x0000028b   Thumb Code     0  startup.o(RESET)
    Quadrature1_Handler                      0x0000028b   Thumb Code     0  startup.o(RESET)
    Quadrature2_Handler                      0x0000028b   Thumb Code     0  startup.o(RESET)
    SSI0_Handler                             0x0000028b   Thumb Code     0  startup.o(RESET)
    SSI1_Handler                             0x0000028b   Thumb Code     0  startup.o(RESET)
    SSI2_Handler                             0x0000028b   Thumb Code     0  startup.o(RESET)
    SSI3_Handler                             0x0000028b   Thumb Code     0  startup.o(RESET)
    SysCtl_Handler                           0x0000028b   Thumb Code     0  startup.o(RESET)
    Timer0A_Handler                          0x0000028b   Thumb Code     0  startup.o(RESET)
    Timer0B_Handler                          0x0000028b   Thumb Code     0  startup.o(RESET)
    Timer1A_Handler                          0x0000028b   Thumb Code     0  startup.o(RESET)
    Timer1B_Handler                          0x0000028b   Thumb Code     0  startup.o(RESET)
    Timer2B_Handler                          0x0000028b   Thumb Code     0  startup.o(RESET)
    Timer3A_Handler                          0x0000028b   Thumb Code     0  startup.o(RESET)
    Timer3B_Handler                          0x0000028b   Thumb Code     0  startup.o(RESET)
    Timer4A_Handler                          0x0000028b   Thumb Code     0  startup.o(RESET)
    Timer4B_Handler                          0x0000028b   Thumb Code     0  startup.o(RESET)
    Timer5A_Handler                          0x0000028b   Thumb Code     0  startup.o(RESET)
    Timer5B_Handler                          0x0000028b   Thumb Code     0  startup.o(RESET)
    UART0_Handler                            0x0000028b   Thumb Code     0  startup.o(RESET)
    UART1_Handler                            0x0000028b   Thumb Code     0  startup.o(RESET)
    UART2_Handler                            0x0000028b   Thumb Code     0  startup.o(RESET)
    UART3_Handler                            0x0000028b   Thumb Code     0  startup.o(RESET)
    UART4_Handler                            0x0000028b   Thumb Code     0  startup.o(RESET)
    UART5_Handler                            0x0000028b   Thumb Code     0  startup.o(RESET)
    UART6_Handler                            0x0000028b   Thumb Code     0  startup.o(RESET)
    UART7_Handler                            0x0000028b   Thumb Code     0  startup.o(RESET)
    USB0_Handler                             0x0000028b   Thumb Code     0  startup.o(RESET)
    WDT_Handler                              0x0000028b   Thumb Code     0  startup.o(RESET)
    WideTimer0A_Handler                      0x0000028b   Thumb Code     0  startup.o(RESET)
    WideTimer0B_Handler                      0x0000028b   Thumb Code     0  startup.o(RESET)
    WideTimer1A_Handler                      0x0000028b   Thumb Code     0  startup.o(RESET)
    WideTimer1B_Handler                      0x0000028b   Thumb Code     0  startup.o(RESET)
    WideTimer2A_Handler                      0x0000028b   Thumb Code     0  startup.o(RESET)
    WideTimer2B_Handler                      0x0000028b   Thumb Code     0  startup.o(RESET)
    WideTimer3A_Handler                      0x0000028b   Thumb Code     0  startup.o(RESET)
    WideTimer3B_Handler                      0x0000028b   Thumb Code     0  startup.o(RESET)
    WideTimer4A_Handler                      0x0000028b   Thumb Code     0  startup.o(RESET)
    WideTimer4B_Handler                      0x0000028b   Thumb Code     0  startup.o(RESET)
    WideTimer5A_Handler                      0x0000028b   Thumb Code     0  startup.o(RESET)
    WideTimer5B_Handler                      0x0000028b   Thumb Code     0  startup.o(RESET)
    uDMA_Error                               0x0000028b   Thumb Code     0  startup.o(RESET)
    uDMA_Handler                             0x0000028b   Thumb Code     0  startup.o(RESET)
    OutStr                                   0x0000028d   Thumb Code     0  outstr.o(.text)
    __use_two_region_memory                  0x00000379   Thumb Code     2  heapauxi.o(.text)
    __rt_heap_escrow$2region                 0x0000037b   Thumb Code     2  heapauxi.o(.text)
    __rt_heap_expand$2region                 0x0000037d   Thumb Code     2  heapauxi.o(.text)
    CONVRT                                   0x00000383   Thumb Code    92  convrt.o(main)
    DELAY100                                 0x000003e5   Thumb Code     8  delay100.o(main)
    __main                                   0x000003f1   Thumb Code   132  main.o(main)
    GPIOINIT_A                               0x00000481   Thumb Code    72  gpioinit_a.o(main)
    INIT_SSI0                                0x000004e5   Thumb Code    64  init_ssi0.o(main)
    GPIOINIT_B                               0x00000531   Thumb Code    80  gpioinit_b.o(main)
    INIT_SCREEN                              0x0000059d   Thumb Code    96  init_screen.o(main)
    WRITE_COMMAND                            0x00000601   Thumb Code    54  write_command.o(main)
    WRITE_DISPLAY                            0x00000645   Thumb Code    72  write_display.o(main)
    GPIOINIT_F                               0x00000699   Thumb Code   132  gpioinit_f.o(main)
    WAVE_PROP                                0x00000779   Thumb Code   198  wave_prop.o(main)
    INIT_TIMER1                              0x00000861   Thumb Code    88  init_timer1.o(main)
    READ_ANALOG                              0x000008d5   Thumb Code    30  read_analog.o(main)
    INIT_ADC                                 0x00000905   Thumb Code   138  init_adc.o(main)
    CONVRT_DIGITAL                           0x000009d5   Thumb Code    80  convrt_digital.o(main)
    GPIOSTEP                                 0x00000a31   Thumb Code   110  gpiostep.o(main)
    GPIO_ISR                                 0x00000ab5   Thumb Code   128  gpio_isr.o(main)
    INIT_TIMER2                              0x00000b45   Thumb Code    98  init_timer2.o(main)
    INIT_DISPLAY                             0x00000d71   Thumb Code   586  init_display.o(main)
    UPDATE_MEAS                              0x000011b9   Thumb Code   346  update_meas.o(main)
    UPDATE_THRE                              0x000014e9   Thumb Code   302  update_thre.o(main)
    UPDATE_OP                                0x000017e9   Thumb Code   232  update_op.o(main)
    UPDATE_BAR                               0x00001ac9   Thumb Code   358  update_bar.o(main)
    DELAY1                                   0x00001c59   Thumb Code    10  delay1.o(main)



==============================================================================

Memory Map of the image

  Image Entry point : 0x0000026d

  Load Region LR_1 (Base: 0x00000000, Size: 0x00002068, Max: 0xffffffff, ABSOLUTE)

    Execution Region ER_RO (Exec base: 0x00000000, Load base: 0x00000000, Size: 0x00001c64, Max: 0xffffffff, ABSOLUTE)

    Exec Addr    Load Addr    Size         Type   Attr      Idx    E Section Name        Object

    0x00000000   0x00000000   0x0000028c   Code   RO           26  * RESET               startup.o
    0x0000028c   0x0000028c   0x000000ec   Code   RO           21    .text               outstr.o
    0x00000378   0x00000378   0x00000006   Code   RO          119    .text               c_w.l(heapauxi.o)
    0x0000037e   0x0000037e   0x00000002   PAD
    0x00000380   0x00000380   0x00000064   Code   RO            1    main                convrt.o
    0x000003e4   0x000003e4   0x0000000c   Code   RO            7    main                delay100.o
    0x000003f0   0x000003f0   0x00000090   Code   RO           14    main                main.o
    0x00000480   0x00000480   0x00000064   Code   RO           33    main                gpioinit_a.o
    0x000004e4   0x000004e4   0x0000004c   Code   RO           37    main                init_ssi0.o
    0x00000530   0x00000530   0x0000006c   Code   RO           41    main                gpioinit_b.o
    0x0000059c   0x0000059c   0x00000064   Code   RO           45    main                init_screen.o
    0x00000600   0x00000600   0x00000044   Code   RO           49    main                write_command.o
    0x00000644   0x00000644   0x00000054   Code   RO           53    main                write_display.o
    0x00000698   0x00000698   0x000000c0   Code   RO           57    main                gpioinit_f.o
    0x00000758   0x00000758   0x00000108   Code   RO           61    main                wave_prop.o
    0x00000860   0x00000860   0x00000074   Code   RO           65    main                init_timer1.o
    0x000008d4   0x000008d4   0x00000030   Code   RO           69    main                read_analog.o
    0x00000904   0x00000904   0x000000b8   Code   RO           73    main                init_adc.o
    0x000009bc   0x000009bc   0x00000074   Code   RO           77    main                convrt_digital.o
    0x00000a30   0x00000a30   0x00000084   Code   RO           81    main                gpiostep.o
    0x00000ab4   0x00000ab4   0x00000090   Code   RO           85    main                gpio_isr.o
    0x00000b44   0x00000b44   0x00000088   Code   RO           89    main                init_timer2.o
    0x00000bcc   0x00000bcc   0x00000448   Code   RO           93    main                init_display.o
    0x00001014   0x00001014   0x00000330   Code   RO           97    main                update_meas.o
    0x00001344   0x00001344   0x00000300   Code   RO          101    main                update_thre.o
    0x00001644   0x00001644   0x000002e0   Code   RO          105    main                update_op.o
    0x00001924   0x00001924   0x00000334   Code   RO          109    main                update_bar.o
    0x00001c58   0x00001c58   0x0000000c   Code   RO          113    main                delay1.o


    Execution Region ER_RW (Exec base: 0x20000000, Load base: 0x00001c68, Size: 0x00000400, Max: 0xffffffff, ABSOLUTE)

    Exec Addr    Load Addr    Size         Type   Attr      Idx    E Section Name        Object

    0x20000000   0x00001c68   0x00000400   Data   RW           24    STACK               startup.o


    Execution Region ER_ZI (Exec base: 0x20000400, Load base: 0x00002068, Size: 0x00000000, Max: 0xffffffff, ABSOLUTE)

    **** No section assigned to this execution region ****


==============================================================================

Image component sizes


      Code (inc. data)   RO Data    RW Data    ZI Data      Debug   Object Name

       100          8          0          0          0        368   convrt.o
       116         36          0          0          0        356   convrt_digital.o
        12          2          0          0          0        308   delay1.o
        12          4          0          0          0        316   delay100.o
       144         16          0          0          0        360   gpio_isr.o
       100         28          0          0          0        348   gpioinit_a.o
       108         28          0          0          0        348   gpioinit_b.o
       192         60          0          0          0        368   gpioinit_f.o
       132         22          0          0          0        348   gpiostep.o
       184         46          0          0          0        368   init_adc.o
      1096        510          0          0          0        512   init_display.o
       100          4          0          0          0        348   init_screen.o
        76         12          0          0          0        340   init_ssi0.o
       116         28          0          0          0        356   init_timer1.o
       136         38          0          0          0        360   init_timer2.o
       144         12          0          0          0        348   main.o
       236         54          0          0          0        256   outstr.o
        48         18          0          0          0        336   read_analog.o
       652        620          0       1024          0        800   startup.o
       820        462          0          0          0        436   update_bar.o
       816        470          0          0          0        432   update_meas.o
       736        504          0          0          0        396   update_op.o
       768        466          0          0          0        416   update_thre.o
       264         66          0          0          0        384   wave_prop.o
        68         14          0          0          0        352   write_command.o
        84         12          0          0          0        356   write_display.o

    ----------------------------------------------------------------------
      7260       3540          0       1024          0       9916   Object Totals
         0          0          0          0          0          0   (incl. Generated)
         0          0          0          0          0          0   (incl. Padding)

    ----------------------------------------------------------------------

      Code (inc. data)   RO Data    RW Data    ZI Data      Debug   Library Member Name

         6          0          0          0          0        152   heapauxi.o

    ----------------------------------------------------------------------
         8          0          0          0          0        152   Library Totals
         2          0          0          0          0          0   (incl. Padding)

    ----------------------------------------------------------------------

      Code (inc. data)   RO Data    RW Data    ZI Data      Debug   Library Name

         6          0          0          0          0        152   c_w.l

    ----------------------------------------------------------------------
         8          0          0          0          0        152   Library Totals

    ----------------------------------------------------------------------

==============================================================================


      Code (inc. data)   RO Data    RW Data    ZI Data      Debug   

      7268       3540          0       1024          0       7668   Grand Totals
      7268       3540          0       1024          0       7668   ELF Image Totals
      7268       3540          0       1024          0          0   ROM Totals

==============================================================================

    Total RO  Size (Code + RO Data)                 7268 (   7.10kB)
    Total RW  Size (RW Data + ZI Data)              1024 (   1.00kB)
    Total ROM Size (Code + RO Data + RW Data)       8292 (   8.10kB)

==============================================================================

